ClassType examples.intf.A
ClassType java.lang.Object
ClassType java.lang.CharSequence
