15
ABCa
ABC
DEF
ABC
DEF
0:ABC
1:DEF
3 == 3
AA
3 == 3
AA
3
2
2
2
-1
6
[9, 8, 9]
[1, 2, 3]
3
[1, 0, -1]
[1, 0, 2]
(1, 2)
true
3
abc
5:wow
5:wow
5:wow
[3, l, m, n, 7]
